Archive member included to satisfy reference by file (symbol)

c:/program files (x86)/arm gnu toolchain arm-none-eabi/12.2 rel1/bin/../lib/gcc/arm-none-eabi/12.2.1/thumb/v7e-m/nofp\libgcc.a(_aeabi_uldivmod.o)
                              ./system/src/stm32f4-hal/stm32f4xx_hal_rcc.o (__aeabi_uldivmod)
c:/program files (x86)/arm gnu toolchain arm-none-eabi/12.2 rel1/bin/../lib/gcc/arm-none-eabi/12.2.1/thumb/v7e-m/nofp\libgcc.a(_udivmoddi4.o)
                              c:/program files (x86)/arm gnu toolchain arm-none-eabi/12.2 rel1/bin/../lib/gcc/arm-none-eabi/12.2.1/thumb/v7e-m/nofp\libgcc.a(_aeabi_uldivmod.o) (__udivmoddi4)
c:/program files (x86)/arm gnu toolchain arm-none-eabi/12.2 rel1/bin/../lib/gcc/arm-none-eabi/12.2.1/thumb/v7e-m/nofp\libgcc.a(_dvmd_tls.o)
                              c:/program files (x86)/arm gnu toolchain arm-none-eabi/12.2 rel1/bin/../lib/gcc/arm-none-eabi/12.2.1/thumb/v7e-m/nofp\libgcc.a(_aeabi_uldivmod.o) (__aeabi_ldiv0)
c:/program files (x86)/arm gnu toolchain arm-none-eabi/12.2 rel1/bin/../lib/gcc/arm-none-eabi/12.2.1/thumb/v7e-m/nofp\libg_nano.a(libc_a-vsnprintf.o)
                              ./system/src/diag/trace.o (vsnprintf)
c:/program files (x86)/arm gnu toolchain arm-none-eabi/12.2 rel1/bin/../lib/gcc/arm-none-eabi/12.2.1/thumb/v7e-m/nofp\libg_nano.a(libc_a-impure.o)
                              c:/program files (x86)/arm gnu toolchain arm-none-eabi/12.2 rel1/bin/../lib/gcc/arm-none-eabi/12.2.1/thumb/v7e-m/nofp\libg_nano.a(libc_a-vsnprintf.o) (_impure_ptr)
c:/program files (x86)/arm gnu toolchain arm-none-eabi/12.2 rel1/bin/../lib/gcc/arm-none-eabi/12.2.1/thumb/v7e-m/nofp\libg_nano.a(libc_a-errno.o)
                              ./system/src/newlib/sbrk.o (__errno)
c:/program files (x86)/arm gnu toolchain arm-none-eabi/12.2 rel1/bin/../lib/gcc/arm-none-eabi/12.2.1/thumb/v7e-m/nofp\libg_nano.a(libc_a-strlen.o)
                              ./system/src/diag/trace.o (strlen)
c:/program files (x86)/arm gnu toolchain arm-none-eabi/12.2 rel1/bin/../lib/gcc/arm-none-eabi/12.2.1/thumb/v7e-m/nofp\libg_nano.a(libc_a-nano-svfprintf.o)
                              c:/program files (x86)/arm gnu toolchain arm-none-eabi/12.2 rel1/bin/../lib/gcc/arm-none-eabi/12.2.1/thumb/v7e-m/nofp\libg_nano.a(libc_a-vsnprintf.o) (_svfprintf_r)
c:/program files (x86)/arm gnu toolchain arm-none-eabi/12.2 rel1/bin/../lib/gcc/arm-none-eabi/12.2.1/thumb/v7e-m/nofp\libg_nano.a(libc_a-nano-vfprintf_i.o)
                              c:/program files (x86)/arm gnu toolchain arm-none-eabi/12.2 rel1/bin/../lib/gcc/arm-none-eabi/12.2.1/thumb/v7e-m/nofp\libg_nano.a(libc_a-nano-svfprintf.o) (_printf_i)
c:/program files (x86)/arm gnu toolchain arm-none-eabi/12.2 rel1/bin/../lib/gcc/arm-none-eabi/12.2.1/thumb/v7e-m/nofp\libg_nano.a(libc_a-memmove.o)
                              c:/program files (x86)/arm gnu toolchain arm-none-eabi/12.2 rel1/bin/../lib/gcc/arm-none-eabi/12.2.1/thumb/v7e-m/nofp\libg_nano.a(libc_a-nano-svfprintf.o) (memmove)
c:/program files (x86)/arm gnu toolchain arm-none-eabi/12.2 rel1/bin/../lib/gcc/arm-none-eabi/12.2.1/thumb/v7e-m/nofp\libg_nano.a(libc_a-memchr.o)
                              c:/program files (x86)/arm gnu toolchain arm-none-eabi/12.2 rel1/bin/../lib/gcc/arm-none-eabi/12.2.1/thumb/v7e-m/nofp\libg_nano.a(libc_a-nano-svfprintf.o) (memchr)
c:/program files (x86)/arm gnu toolchain arm-none-eabi/12.2 rel1/bin/../lib/gcc/arm-none-eabi/12.2.1/thumb/v7e-m/nofp\libg_nano.a(libc_a-memcpy-stub.o)
                              c:/program files (x86)/arm gnu toolchain arm-none-eabi/12.2 rel1/bin/../lib/gcc/arm-none-eabi/12.2.1/thumb/v7e-m/nofp\libg_nano.a(libc_a-nano-svfprintf.o) (memcpy)
c:/program files (x86)/arm gnu toolchain arm-none-eabi/12.2 rel1/bin/../lib/gcc/arm-none-eabi/12.2.1/thumb/v7e-m/nofp\libg_nano.a(libc_a-freer.o)
                              c:/program files (x86)/arm gnu toolchain arm-none-eabi/12.2 rel1/bin/../lib/gcc/arm-none-eabi/12.2.1/thumb/v7e-m/nofp\libg_nano.a(libc_a-nano-svfprintf.o) (_free_r)
c:/program files (x86)/arm gnu toolchain arm-none-eabi/12.2 rel1/bin/../lib/gcc/arm-none-eabi/12.2.1/thumb/v7e-m/nofp\libg_nano.a(libc_a-mallocr.o)
                              c:/program files (x86)/arm gnu toolchain arm-none-eabi/12.2 rel1/bin/../lib/gcc/arm-none-eabi/12.2.1/thumb/v7e-m/nofp\libg_nano.a(libc_a-nano-svfprintf.o) (_malloc_r)
c:/program files (x86)/arm gnu toolchain arm-none-eabi/12.2 rel1/bin/../lib/gcc/arm-none-eabi/12.2.1/thumb/v7e-m/nofp\libg_nano.a(libc_a-mlock.o)
                              c:/program files (x86)/arm gnu toolchain arm-none-eabi/12.2 rel1/bin/../lib/gcc/arm-none-eabi/12.2.1/thumb/v7e-m/nofp\libg_nano.a(libc_a-freer.o) (__malloc_lock)
c:/program files (x86)/arm gnu toolchain arm-none-eabi/12.2 rel1/bin/../lib/gcc/arm-none-eabi/12.2.1/thumb/v7e-m/nofp\libg_nano.a(libc_a-reallocr.o)
[...]
Memory Configuration

Name             Origin             Length             Attributes
RAM              0x20000000         0x00010000         xrw
CCMRAM           0x10000000         0x00000000         xrw
FLASH            0x08000000         0x00040000         xr
FLASHB1          0x00000000         0x00000000         xr
EXTMEMB0         0x00000000         0x00000000         xr
EXTMEMB1         0x00000000         0x00000000         xr
EXTMEMB2         0x00000000         0x00000000         xr
EXTMEMB3         0x00000000         0x00000000         xr
*default*        0x00000000         0xffffffff

Linker script and memory map

LOAD ./system/src/stm32f4-hal/stm32f4xx_hal.o
LOAD ./system/src/stm32f4-hal/stm32f4xx_hal_cortex.o
LOAD ./system/src/stm32f4-hal/stm32f4xx_hal_flash.o
LOAD ./system/src/stm32f4-hal/stm32f4xx_hal_flash_ex.o
LOAD ./system/src/stm32f4-hal/stm32f4xx_hal_flash_ramfunc.o
LOAD ./system/src/stm32f4-hal/stm32f4xx_hal_gpio.o
LOAD ./system/src/stm32f4-hal/stm32f4xx_hal_iwdg.o
LOAD ./system/src/stm32f4-hal/stm32f4xx_hal_pwr.o
LOAD ./system/src/stm32f4-hal/stm32f4xx_hal_rcc.o
LOAD ./system/src/newlib/assert.o
LOAD ./system/src/newlib/cxx.o
LOAD ./system/src/newlib/exit.o
LOAD ./system/src/newlib/sbrk.o
LOAD ./system/src/newlib/startup.o
LOAD ./system/src/newlib/syscalls.o
LOAD ./system/src/diag/trace-impl.o
LOAD ./system/src/diag/trace.o
LOAD ./system/src/cortexm/exception-handlers.o
LOAD ./system/src/cortexm/initialize-hardware.o
LOAD ./system/src/cortexm/reset-hardware.o
LOAD ./system/src/cmsis/system_stm32f4xx.o
LOAD ./system/src/cmsis/vectors_stm32f401xc.o
LOAD ./src/src_MCAL/RCC/RCC_API.o
LOAD ./src/src_MCAL/GPIO/GPIO_API.o
LOAD ./src/main.o
LOAD c:/program files (x86)/arm gnu toolchain arm-none-eabi/12.2 rel1/bin/../lib/gcc/arm-none-eabi/12.2.1/thumb/v7e-m/nofp\libstdc++_nano.a
LOAD c:/program files (x86)/arm gnu toolchain arm-none-eabi/12.2 rel1/bin/../lib/gcc/arm-none-eabi/12.2.1/thumb/v7e-m/nofp\libm.a
START GROUP
LOAD c:/program files (x86)/arm gnu toolchain arm-none-eabi/12.2 rel1/bin/../lib/gcc/arm-none-eabi/12.2.1/thumb/v7e-m/nofp\libgcc.a
LOAD c:/program files (x86)/arm gnu toolchain arm-none-eabi/12.2 rel1/bin/../lib/gcc/arm-none-eabi/12.2.1/thumb/v7e-m/nofp\libg_nano.a
LOAD c:/program files (x86)/arm gnu toolchain arm-none-eabi/12.2 rel1/bin/../lib/gcc/arm-none-eabi/12.2.1/thumb/v7e-m/nofp\libc_nano.a
END GROUP
START GROUP
LOAD c:/program files (x86)/arm gnu toolchain arm-none-eabi/12.2 rel1/bin/../lib/gcc/arm-none-eabi/12.2.1/thumb/v7e-m/nofp\libgcc.a
LOAD c:/program files (x86)/arm gnu toolchain arm-none-eabi/12.2 rel1/bin/../lib/gcc/arm-none-eabi/12.2.1/thumb/v7e-m/nofp\libc_nano.a
END GROUP
                0x20010000                __stack = (ORIGIN (RAM) + LENGTH (RAM))
                0x20010000                _estack = __stack
                0x00000400                __Main_Stack_Size = 0x400
                [!provide]                PROVIDE (_Main_Stack_Size = __Main_Stack_Size)
                0x2000fc00                __Main_Stack_Limit = (__stack - __Main_Stack_Size)
                [!provide]                PROVIDE (_Main_Stack_Limit = __Main_Stack_Limit)
                0x00000100                _Minimum_Stack_Size = 0x100
                0x20000108                PROVIDE (_Heap_Begin = _end_noinit)
                0x2000fc00                PROVIDE (_Heap_Limit = (__stack - __Main_Stack_Size))

.isr_vector     0x08000000      0x3f4
 FILL mask 0xff
                0x08000000                __vectors_start = ABSOLUTE (.)
                0x08000000                __vectors_start__ = ABSOLUTE (.)
 *(.isr_vector)
 .isr_vector    0x08000000      0x194 ./system/src/cmsis/vectors_stm32f401xc.o
                0x08000000                __isr_vectors
 *(.cfmconfig)
 *(.after_vectors .after_vectors.*)
 .after_vectors
                0x08000194      0x130 ./system/src/newlib/startup.o
                0x08000194                _start
 .after_vectors
                0x080002c4      0x12c ./system/src/cortexm/exception-handlers.o
                0x080002c4                Reset_Handler
                0x080002ca                NMI_Handler
                0x080002ce                HardFault_Handler
                0x080002e2                HardFault_Handler_C
                0x08000340                MemManage_Handler
                0x08000344                BusFault_Handler
                0x08000358                BusFault_Handler_C
                0x0800038c                UsageFault_Handler
                0x080003a0                UsageFault_Handler_C
                0x080003d4                SVC_Handler
                0x080003d8                DebugMon_Handler
                0x080003dc                PendSV_Handler
                0x080003e0                SysTick_Handler
 .after_vectors
                0x080003f0        0x4 ./system/src/cmsis/vectors_stm32f401xc.o
                0x080003f0                RTC_Alarm_IRQHandler
                0x080003f0                EXTI2_IRQHandler
                0x080003f0                SPI4_IRQHandler
                0x080003f0                TIM1_CC_IRQHandler
                0x080003f0                DMA2_Stream5_IRQHandler
                0x080003f0                DMA1_Stream5_IRQHandler
                0x080003f0                PVD_IRQHandler
                0x080003f0                SDIO_IRQHandler
                0x080003f0                TAMP_STAMP_IRQHandler
                0x080003f0                EXTI3_IRQHandler
                0x080003f0                TIM1_UP_TIM10_IRQHandler
                0x080003f0                I2C3_ER_IRQHandler
                0x080003f0                EXTI0_IRQHandler
                0x080003f0                I2C2_EV_IRQHandler
                0x080003f0                DMA1_Stream2_IRQHandler
                0x080003f0                FPU_IRQHandler
                0x080003f0                DMA2_Stream2_IRQHandler
                0x080003f0                SPI1_IRQHandler
                0x080003f0                TIM1_BRK_TIM9_IRQHandler
                0x080003f0                DMA2_Stream3_IRQHandler
                0x080003f0                USART6_IRQHandler
                0x080003f0                DMA2_Stream0_IRQHandler
                0x080003f0                TIM4_IRQHandler
                0x080003f0                I2C1_EV_IRQHandler
                0x080003f0                DMA1_Stream6_IRQHandler
                0x080003f0                DMA1_Stream1_IRQHandler
                0x080003f0                TIM3_IRQHandler
                0x080003f0                RCC_IRQHandler
                0x080003f0                Default_Handler
                0x080003f0                EXTI15_10_IRQHandler
                0x080003f0                ADC_IRQHandler
                0x080003f0                DMA1_Stream7_IRQHandler
                0x080003f0                TIM5_IRQHandler
                0x080003f0                DMA2_Stream7_IRQHandler
                0x080003f0                I2C3_EV_IRQHandler
                0x080003f0                EXTI9_5_IRQHandler
                0x080003f0                RTC_WKUP_IRQHandler
                0x080003f0                SPI2_IRQHandler
                0x080003f0                DMA1_Stream0_IRQHandler
                0x080003f0                EXTI4_IRQHandler
                0x080003f0                WWDG_IRQHandler
                0x080003f0                TIM2_IRQHandler
                0x080003f0                OTG_FS_WKUP_IRQHandler
                0x080003f0                TIM1_TRG_COM_TIM11_IRQHandler
                0x080003f0                EXTI1_IRQHandler
                0x080003f0                USART2_IRQHandler
                0x080003f0                I2C2_ER_IRQHandler
                0x080003f0                DMA2_Stream1_IRQHandler
                0x080003f0                FLASH_IRQHandler
                0x080003f0                DMA2_Stream4_IRQHandler
                0x080003f0                USART1_IRQHandler
                0x080003f0                OTG_FS_IRQHandler
                0x080003f0                SPI3_IRQHandler
                0x080003f0                DMA1_Stream4_IRQHandler
                0x080003f0                I2C1_ER_IRQHandler
                0x080003f0                DMA2_Stream6_IRQHandler
                0x080003f0                DMA1_Stream3_IRQHandler

.inits          0x080003f4       0x28
                0x080003f4                __data_regions_array_start = .
                0x080003f4        0x4 LONG 0x80014e4 LOADADDR (.data)
                0x080003f8        0x4 LONG 0x20000000 ADDR (.data)
                0x080003fc        0x4 LONG 0x20000064 (ADDR (.data) + SIZEOF (.data))
                0x08000400        0x4 LONG 0x80014e4 LOADADDR (.data_CCMRAM)
                0x08000404        0x4 LONG 0x10000000 ADDR (.data_CCMRAM)
                0x08000408        0x4 LONG 0x10000000 (ADDR (.data_CCMRAM) + SIZEOF (.data_CCMRAM))
                0x0800040c                __data_regions_array_end = .
                0x0800040c                __bss_regions_array_start = .
                0x0800040c        0x4 LONG 0x20000064 ADDR (.bss)
                0x08000410        0x4 LONG 0x20000108 (ADDR (.bss) + SIZEOF (.bss))
                0x08000414        0x4 LONG 0x10000000 ADDR (.bss_CCMRAM)
                0x08000418        0x4 LONG 0x10000000 (ADDR (.bss_CCMRAM) + SIZEOF (.bss_CCMRAM))
                0x0800041c                __bss_regions_array_end = .
 *(.init)
 *(.fini)
                0x0800041c                . = ALIGN (0x4)
                0x0800041c                PROVIDE (__preinit_array_start = .)
 *(.preinit_array_sysinit .preinit_array_sysinit.*)
 *(.preinit_array_platform .preinit_array_platform.*)
 *(.preinit_array .preinit_array.*)
                0x0800041c                PROVIDE (__preinit_array_end = .)
                0x0800041c                . = ALIGN (0x4)
                0x0800041c                PROVIDE (__init_array_start = .)
 *(SORT_BY_NAME(.init_array.*))
 *(.init_array)
                0x0800041c                PROVIDE (__init_array_end = .)
                0x0800041c                . = ALIGN (0x4)
                0x0800041c                PROVIDE (__fini_array_start = .)
 *(SORT_BY_NAME(.fini_array.*))
 *(.fini_array)
                0x0800041c                PROVIDE (__fini_array_end = .)

.flashtext
 *(.flashtext .flashtext.*)

.text           0x08000420     0x10c3
 *(.text .text.*)
 .text._exit    0x08000420        0x2 ./system/src/newlib/exit.o
                0x08000420                _exit
 *fill*         0x08000422        0x2 
 .text._sbrk    0x08000424       0x44 ./system/src/newlib/sbrk.o
                0x08000424                _sbrk
 .text.__initialize_args
                0x08000468       0x10 ./system/src/newlib/syscalls.o
                0x08000468                __initialize_args
 .text._trace_write_semihosting_debug
                0x08000478       0x62 ./system/src/diag/trace-impl.o
 .text.trace_write
                0x080004da        0x8 ./system/src/diag/trace-impl.o
                0x080004da                trace_write
 *fill*         0x080004e2        0x2 
 .text.trace_printf
                0x080004e4       0x34 ./system/src/diag/trace.o
                0x080004e4                trace_printf
 .text.dumpExceptionStack
                0x08000518       0xf4 ./system/src/cortexm/exception-handlers.o
                0x08000518                dumpExceptionStack
 .text.isSemihosting
                0x0800060c       0x20 ./system/src/cortexm/exception-handlers.o
                0x0800060c                isSemihosting
 .text.__initialize_hardware_early
                0x0800062c       0x18 ./system/src/cortexm/initialize-hardware.o
                0x0800062c                __initialize_hardware_early
 .text.__initialize_hardware
                0x08000644        0x8 ./system/src/cortexm/initialize-hardware.o
                0x08000644                __initialize_hardware
 .text.SystemInit
                0x0800064c       0x10 ./system/src/cmsis/system_stm32f4xx.o
                0x0800064c                SystemInit
 .text.SystemCoreClockUpdate
                0x0800065c       0xa0 ./system/src/cmsis/system_stm32f4xx.o
                0x0800065c                SystemCoreClockUpdate
 .text.RCC_Periphral_Group_enable
                0x080006fc       0x14 ./src/src_MCAL/RCC/RCC_API.o
 .text.RCC_CLK_RDY_Status_check
                0x08000710       0x38 ./src/src_MCAL/RCC/RCC_API.o
                0x08000710                RCC_CLK_RDY_Status_check
 .text.RCC_Sys_CLK_SET
                0x08000748       0x6c ./src/src_MCAL/RCC/RCC_API.o
                0x08000748                RCC_Sys_CLK_SET
 .text.RCC_CLK_source_enable
                0x080007b4       0x48 ./src/src_MCAL/RCC/RCC_API.o
                0x080007b4                RCC_CLK_source_enable
 .text.RCC_CLK_source_disable
                0x080007fc       0x48 ./src/src_MCAL/RCC/RCC_API.o
                0x080007fc                RCC_CLK_source_disable
 .text.RCC_CLK_Busses_Prescaler
                0x08000844       0x6c ./src/src_MCAL/RCC/RCC_API.o
                0x08000844                RCC_CLK_Busses_Prescaler
 .text.RCC_INIT
                0x080008b0       0x3c ./src/src_MCAL/RCC/RCC_API.o
                0x080008b0                RCC_INIT
 .text.GPIO_PRECONFIG_INIT
                0x080008ec       0x30 ./src/src_MCAL/GPIO/GPIO_API.o
                0x080008ec                GPIO_PRECONFIG_INIT
 .text.GPIO_WRITE_LOGIC
                0x0800091c       0x38 ./src/src_MCAL/GPIO/GPIO_API.o
                0x0800091c                GPIO_WRITE_LOGIC
 .text.main     0x08000954       0x34 ./src/main.o
                0x08000954                main
 .text._vsnprintf_r
                0x08000988       0x56 c:/program files (x86)/arm gnu toolchain arm-none-eabi/12.2 rel1/bin/../lib/gcc/arm-none-eabi/12.2.1/thumb/v7e-m/nofp\libg_nano.a(libc_a-vsnprintf.o)
                0x08000988                _vsniprintf_r
                0x08000988                _vsnprintf_r
 *fill*         0x080009de        0x2 
 .text.vsnprintf
                0x080009e0       0x1c c:/program files (x86)/arm gnu toolchain arm-none-eabi/12.2 rel1/bin/../lib/gcc/arm-none-eabi/12.2.1/thumb/v7e-m/nofp\libg_nano.a(libc_a-vsnprintf.o)
                0x080009e0                vsniprintf
                0x080009e0                vsnprintf
 .text.__errno  0x080009fc        0xc c:/program files (x86)/arm gnu toolchain arm-none-eabi/12.2 rel1/bin/../lib/gcc/arm-none-eabi/12.2.1/thumb/v7e-m/nofp\libg_nano.a(libc_a-errno.o)
                0x080009fc                __errno
 .text.__ssputs_r
                0x08000a08       0xb6 c:/program files (x86)/arm gnu toolchain arm-none-eabi/12.2 rel1/bin/../lib/gcc/arm-none-eabi/12.2.1/thumb/v7e-m/nofp\libg_nano.a(libc_a-nano-svfprintf.o)
                0x08000a08                __ssputs_r
 *fill*         0x08000abe        0x2 
 .text._svfprintf_r
                0x08000ac0      0x1f8 c:/program files (x86)/arm gnu toolchain arm-none-eabi/12.2 rel1/bin/../lib/gcc/arm-none-eabi/12.2.1/thumb/v7e-m/nofp\libg_nano.a(libc_a-nano-svfprintf.o)
                0x08000ac0                _svfiprintf_r
                0x08000ac0                _svfprintf_r
 .text._printf_common
                0x08000cb8       0xda c:/program files (x86)/arm gnu toolchain arm-none-eabi/12.2 rel1/bin/../lib/gcc/arm-none-eabi/12.2.1/thumb/v7e-m/nofp\libg_nano.a(libc_a-nano-vfprintf_i.o)
                0x08000cb8                _printf_common
 *fill*         0x08000d92        0x2 
 .text._printf_i
                0x08000d94      0x258 c:/program files (x86)/arm gnu toolchain arm-none-eabi/12.2 rel1/bin/../lib/gcc/arm-none-eabi/12.2.1/thumb/v7e-m/nofp\libg_nano.a(libc_a-nano-vfprintf_i.o)
                0x08000d94                _printf_i
 .text.memmove  0x08000fec       0x34 c:/program files (x86)/arm gnu toolchain arm-none-eabi/12.2 rel1/bin/../lib/gcc/arm-none-eabi/12.2.1/thumb/v7e-m/nofp\libg_nano.a(libc_a-memmove.o)
                0x08000fec                memmove
 .text          0x08001020       0xa0 c:/program files (x86)/arm gnu toolchain arm-none-eabi/12.2 rel1/bin/../lib/gcc/arm-none-eabi/12.2.1/thumb/v7e-m/nofp\libg_nano.a(libc_a-memchr.o)
                0x08001020                memchr
 .text.memcpy   0x080010c0       0x1c c:/program files (x86)/arm gnu toolchain arm-none-eabi/12.2 rel1/bin/../lib/gcc/arm-none-eabi/12.2.1/thumb/v7e-m/nofp\libg_nano.a(libc_a-memcpy-stub.o)
                0x080010c0                memcpy
 .text._free_r  0x080010dc       0x94 c:/program files (x86)/arm gnu toolchain arm-none-eabi/12.2 rel1/bin/../lib/gcc/arm-none-eabi/12.2.1/thumb/v7e-m/nofp\libg_nano.a(libc_a-freer.o)
                0x080010dc                _free_r
 .text.sbrk_aligned
                0x08001170       0x44 c:/program files (x86)/arm gnu toolchain arm-none-eabi/12.2 rel1/bin/../lib/gcc/arm-none-eabi/12.2.1/thumb/v7e-m/nofp\libg_nano.a(libc_a-mallocr.o)
 .text._malloc_r
                0x080011b4       0xf0 c:/program files (x86)/arm gnu toolchain arm-none-eabi/12.2 rel1/bin/../lib/gcc/arm-none-eabi/12.2.1/thumb/v7e-m/nofp\libg_nano.a(libc_a-mallocr.o)
                0x080011b4                _malloc_r
 .text.__malloc_lock
                0x080012a4        0xc c:/program files (x86)/arm gnu toolchain arm-none-eabi/12.2 rel1/bin/../lib/gcc/arm-none-eabi/12.2.1/thumb/v7e-m/nofp\libg_nano.a(libc_a-mlock.o)
                0x080012a4                __malloc_lock
 .text.__malloc_unlock
                0x080012b0        0xc c:/program files (x86)/arm gnu toolchain arm-none-eabi/12.2 rel1/bin/../lib/gcc/arm-none-eabi/12.2.1/thumb/v7e-m/nofp\libg_nano.a(libc_a-mlock.o)
                0x080012b0                __malloc_unlock
 .text._realloc_r
                0x080012bc       0x5c c:/program files (x86)/arm gnu toolchain arm-none-eabi/12.2 rel1/bin/../lib/gcc/arm-none-eabi/12.2.1/thumb/v7e-m/nofp\libg_nano.a(libc_a-reallocr.o)
                0x080012bc                _realloc_r
 .text._sbrk_r  0x08001318       0x20 c:/program files (x86)/arm gnu toolchain arm-none-eabi/12.2 rel1/bin/../lib/gcc/arm-none-eabi/12.2.1/thumb/v7e-m/nofp\libg_nano.a(libc_a-sbrkr.o)
                0x08001318                _sbrk_r
 .text.__retarget_lock_acquire_recursive
                0x08001338        0x2 c:/program files (x86)/arm gnu toolchain arm-none-eabi/12.2 rel1/bin/../lib/gcc/arm-none-eabi/12.2.1/thumb/v7e-m/nofp\libg_nano.a(libc_a-lock.o)
                0x08001338                __retarget_lock_acquire_recursive
 .text.__retarget_lock_release_recursive
                0x0800133a        0x2 c:/program files (x86)/arm gnu toolchain arm-none-eabi/12.2 rel1/bin/../lib/gcc/arm-none-eabi/12.2.1/thumb/v7e-m/nofp\libg_nano.a(libc_a-lock.o)
                0x0800133a                __retarget_lock_release_recursive
 .text._malloc_usable_size_r
                0x0800133c       0x10 c:/program files (x86)/arm gnu toolchain arm-none-eabi/12.2 rel1/bin/../lib/gcc/arm-none-eabi/12.2.1/thumb/v7e-m/nofp\libg_nano.a(libc_a-msizer.o)
                0x0800133c                _malloc_usable_size_r
 *(.rodata .rodata.* .constdata .constdata.*)
 .rodata.dumpExceptionStack.str1.4
                0x0800134c      0x11a ./system/src/cortexm/exception-handlers.o
 *fill*         0x08001466        0x2 
 .rodata.str1.4
                0x08001468       0x2a ./system/src/cortexm/exception-handlers.o
 *fill*         0x08001492        0x2 
 .rodata.AHBPrescTable
                0x08001494       0x10 ./system/src/cmsis/system_stm32f4xx.o
                0x08001494                AHBPrescTable
 .rodata.GPIOX_ARR
                0x080014a4        0xc ./src/src_MCAL/GPIO/GPIO_API.o
 .rodata._svfprintf_r.str1.1
                0x080014b0       0x11 c:/program files (x86)/arm gnu toolchain arm-none-eabi/12.2 rel1/bin/../lib/gcc/arm-none-eabi/12.2.1/thumb/v7e-m/nofp\libg_nano.a(libc_a-nano-svfprintf.o)
 .rodata._printf_i.str1.1
                0x080014c1       0x22 c:/program files (x86)/arm gnu toolchain arm-none-eabi/12.2 rel1/bin/../lib/gcc/arm-none-eabi/12.2.1/thumb/v7e-m/nofp\libg_nano.a(libc_a-nano-vfprintf_i.o)
 *(vtable)
 *(.eh_frame*)
 *(.glue_7)
 .glue_7        0x080014e3        0x0 linker stubs
 *(.glue_7t)
 .glue_7t       0x080014e3        0x0 linker stubs

.vfp11_veneer   0x080014e4        0x0
 .vfp11_veneer  0x080014e4        0x0 linker stubs

.v4_bx          0x080014e4        0x0
 .v4_bx         0x080014e4        0x0 linker stubs

.iplt           0x080014e4        0x0
 .iplt          0x080014e4        0x0 ./system/src/newlib/sbrk.o

.rel.dyn        0x080014e4        0x0
 .rel.iplt      0x080014e4        0x0 ./system/src/newlib/sbrk.o

.ARM.extab
 *(.ARM.extab* .gnu.linkonce.armextab.*)
                0x080014e4                . = ALIGN (0x4)
                0x080014e4                __exidx_start = .

.ARM.exidx
 *(.ARM.exidx* .gnu.linkonce.armexidx.*)
                0x080014e4                __exidx_end = .
                0x080014e4                . = ALIGN (0x4)
                0x080014e4                _etext = .
                0x080014e4                __etext = .

.data_CCMRAM    0x10000000        0x0 load address 0x080014e4
 FILL mask 0xff
 *(.data.CCMRAM .data.CCMRAM.*)
                0x10000000                . = ALIGN (0x4)
                0x080014e4                _sidata = LOADADDR (.data)

.data           0x20000000       0x64 load address 0x080014e4
 FILL mask 0xff
                0x20000000                _sdata = .
                0x20000000                __data_start__ = .
 *(.data_begin .data_begin.*)
 .data_begin    0x20000000        0x4 ./system/src/newlib/startup.o
 *(.data .data.*)
 .data.argv.1   0x20000004        0x8 ./system/src/newlib/syscalls.o
 .data.SystemCoreClock
                0x2000000c        0x4 ./system/src/cmsis/system_stm32f4xx.o
                0x2000000c                SystemCoreClock
 .data._impure_ptr
                0x20000010        0x4 c:/program files (x86)/arm gnu toolchain arm-none-eabi/12.2 rel1/bin/../lib/gcc/arm-none-eabi/12.2.1/thumb/v7e-m/nofp\libg_nano.a(libc_a-impure.o)
                0x20000010                _impure_ptr
 .data._impure_data
                0x20000014       0x4c c:/program files (x86)/arm gnu toolchain arm-none-eabi/12.2 rel1/bin/../lib/gcc/arm-none-eabi/12.2.1/thumb/v7e-m/nofp\libg_nano.a(libc_a-impure.o)
                0x20000014                _impure_data
 *(.data_end .data_end.*)
 .data_end      0x20000060        0x4 ./system/src/newlib/startup.o
                0x20000064                . = ALIGN (0x4)
                0x20000064                _edata = .
                0x20000064                __data_end__ = .

.igot.plt       0x20000064        0x0 load address 0x08001548
 .igot.plt      0x20000064        0x0 ./system/src/newlib/sbrk.o

.bss_CCMRAM     0x10000000        0x0
 *(.bss.CCMRAM .bss.CCMRAM.*)

.bss            0x20000064       0xa4
                0x20000064                __bss_start__ = .
                0x20000064                _sbss = .
 *(.bss_begin .bss_begin.*)
 .bss_begin     0x20000064        0x4 ./system/src/newlib/startup.o
 *(.bss .bss.*)
 .bss.current_heap_end.0
                0x20000068        0x4 ./system/src/newlib/sbrk.o
 .bss.name.0    0x2000006c        0x1 ./system/src/newlib/syscalls.o
 *fill*         0x2000006d        0x3 
 .bss.errno     0x20000070        0x4 ./system/src/newlib/syscalls.o
                0x20000070                errno
 .bss.buf.0     0x20000074       0x80 ./system/src/diag/trace.o
 .bss.ret       0x200000f4        0x1 ./src/main.o
                0x200000f4                ret
 *fill*         0x200000f5        0x3 
 .bss.__malloc_sbrk_start
                0x200000f8        0x4 c:/program files (x86)/arm gnu toolchain arm-none-eabi/12.2 rel1/bin/../lib/gcc/arm-none-eabi/12.2.1/thumb/v7e-m/nofp\libg_nano.a(libc_a-mallocr.o)
                0x200000f8                __malloc_sbrk_start
 .bss.__malloc_free_list
                0x200000fc        0x4 c:/program files (x86)/arm gnu toolchain arm-none-eabi/12.2 rel1/bin/../lib/gcc/arm-none-eabi/12.2.1/thumb/v7e-m/nofp\libg_nano.a(libc_a-mallocr.o)
                0x200000fc                __malloc_free_list
 .bss.__lock___malloc_recursive_mutex
                0x20000100        0x1 c:/program files (x86)/arm gnu toolchain arm-none-eabi/12.2 rel1/bin/../lib/gcc/arm-none-eabi/12.2.1/thumb/v7e-m/nofp\libg_nano.a(libc_a-lock.o)
                0x20000100                __lock___malloc_recursive_mutex
 *(COMMON)
 *(.bss_end .bss_end.*)
 *fill*         0x20000101        0x3 
 .bss_end       0x20000104        0x4 ./system/src/newlib/startup.o
                0x20000108                . = ALIGN (0x4)
                0x20000108                __bss_end__ = .
                0x20000108                _ebss = .

.noinit_CCMRAM
 *(.noinit.CCMRAM .noinit.CCMRAM.*)

.noinit         0x20000108        0x0
                0x20000108                _noinit = .
 *(.noinit .noinit.*)
                0x20000108                . = ALIGN (0x4)
                0x20000108                _end_noinit = .
                [!provide]                PROVIDE (end = _end_noinit)
                [!provide]                PROVIDE (_end = _end_noinit)
                [!provide]                PROVIDE (__end = _end_noinit)
                [!provide]                PROVIDE (__end__ = _end_noinit)

._check_stack   0x20000108      0x100
                0x20000208                . = (. + _Minimum_Stack_Size)
 *fill*         0x20000108      0x100 

.b1text
 *(.b1text)
 *(.b1rodata)
 *(.b1rodata.*)

.eb0text
 *(.eb0text)
 *(.eb0rodata)
 *(.eb0rodata.*)

.eb1text
 *(.eb1text)
 *(.eb1rodata)
 *(.eb1rodata.*)

.eb2text
 *(.eb2text)
 *(.eb2rodata)
 *(.eb2rodata.*)

.eb3text
 *(.eb3text)
 *(.eb3rodata)
 *(.eb3rodata.*)

.stab
 *(.stab)

.stabstr
 *(.stabstr)

.stab.excl
 *(.stab.excl)

.stab.exclstr
 *(.stab.exclstr)

.stab.index
 *(.stab.index)

.stab.indexstr
 *(.stab.indexstr)

.comment        0x00000000       0x45
 *(.comment)
 .comment       0x00000000       0x45 ./system/src/newlib/exit.o
                                 0x46 (size before relaxing)
 .comment       0x00000045       0x46 ./system/src/newlib/sbrk.o
 .comment       0x00000045       0x46 ./system/src/newlib/startup.o
 .comment       0x00000045       0x46 ./system/src/newlib/syscalls.o
 .comment       0x00000045       0x46 ./system/src/diag/trace-impl.o
 .comment       0x00000045       0x46 ./system/src/diag/trace.o
 .comment       0x00000045       0x46 ./system/src/cortexm/exception-handlers.o
 .comment       0x00000045       0x46 ./system/src/cortexm/initialize-hardware.o
 .comment       0x00000045       0x46 ./system/src/cmsis/system_stm32f4xx.o
 .comment       0x00000045       0x46 ./system/src/cmsis/vectors_stm32f401xc.o
 .comment       0x00000045       0x46 ./src/src_MCAL/RCC/RCC_API.o
 .comment       0x00000045       0x46 ./src/src_MCAL/GPIO/GPIO_API.o
 .comment       0x00000045       0x46 ./src/main.o

.ARM.attributes
                0x00000000       0x2c
 .ARM.attributes
                0x00000000       0x2e ./system/src/newlib/exit.o
 .ARM.attributes
                0x0000002e       0x2e ./system/src/newlib/sbrk.o
 .ARM.attributes
                0x0000005c       0x2e ./system/src/newlib/startup.o
 .ARM.attributes
                0x0000008a       0x2e ./system/src/newlib/syscalls.o
 .ARM.attributes
                0x000000b8       0x2e ./system/src/diag/trace-impl.o
 .ARM.attributes
                0x000000e6       0x2e ./system/src/diag/trace.o
 .ARM.attributes
                0x00000114       0x2e ./system/src/cortexm/exception-handlers.o
 .ARM.attributes
                0x00000142       0x2e ./system/src/cortexm/initialize-hardware.o
 .ARM.attributes
                0x00000170       0x2e ./system/src/cmsis/system_stm32f4xx.o
 .ARM.attributes
                0x0000019e       0x2e ./system/src/cmsis/vectors_stm32f401xc.o
 .ARM.attributes
                0x000001cc       0x2e ./src/src_MCAL/RCC/RCC_API.o
 .ARM.attributes
                0x000001fa       0x2e ./src/src_MCAL/GPIO/GPIO_API.o
 .ARM.attributes
                0x00000228       0x2e ./src/main.o
 .ARM.attributes
                0x00000256       0x2e c:/program files (x86)/arm gnu toolchain arm-none-eabi/12.2 rel1/bin/../lib/gcc/arm-none-eabi/12.2.1/thumb/v7e-m/nofp\libg_nano.a(libc_a-vsnprintf.o)
 .ARM.attributes
                0x00000284       0x2e c:/program files (x86)/arm gnu toolchain arm-none-eabi/12.2 rel1/bin/../lib/gcc/arm-none-eabi/12.2.1/thumb/v7e-m/nofp\libg_nano.a(libc_a-impure.o)
 .ARM.attributes
                0x000002b2       0x2e c:/program files (x86)/arm gnu toolchain arm-none-eabi/12.2 rel1/bin/../lib/gcc/arm-none-eabi/12.2.1/thumb/v7e-m/nofp\libg_nano.a(libc_a-errno.o)
 .ARM.attributes
                0x000002e0       0x2e c:/program files (x86)/arm gnu toolchain arm-none-eabi/12.2 rel1/bin/../lib/gcc/arm-none-eabi/12.2.1/thumb/v7e-m/nofp\libg_nano.a(libc_a-nano-svfprintf.o)
 .ARM.attributes
                0x0000030e       0x2e c:/program files (x86)/arm gnu toolchain arm-none-eabi/12.2 rel1/bin/../lib/gcc/arm-none-eabi/12.2.1/thumb/v7e-m/nofp\libg_nano.a(libc_a-nano-vfprintf_i.o)
 .ARM.attributes
                0x0000033c       0x2e c:/program files (x86)/arm gnu toolchain arm-none-eabi/12.2 rel1/bin/../lib/gcc/arm-none-eabi/12.2.1/thumb/v7e-m/nofp\libg_nano.a(libc_a-memmove.o)
 .ARM.attributes
                0x0000036a       0x1c c:/program files (x86)/arm gnu toolchain arm-none-eabi/12.2 rel1/bin/../lib/gcc/arm-none-eabi/12.2.1/thumb/v7e-m/nofp\libg_nano.a(libc_a-memchr.o)
 .ARM.attributes
                0x00000386       0x2e c:/program files (x86)/arm gnu toolchain arm-none-eabi/12.2 rel1/bin/../lib/gcc/arm-none-eabi/12.2.1/thumb/v7e-m/nofp\libg_nano.a(libc_a-memcpy-stub.o)
 .ARM.attributes
                0x000003b4       0x2e c:/program files (x86)/arm gnu toolchain arm-none-eabi/12.2 rel1/bin/../lib/gcc/arm-none-eabi/12.2.1/thumb/v7e-m/nofp\libg_nano.a(libc_a-freer.o)
 .ARM.attributes
                0x000003e2       0x2e c:/program files (x86)/arm gnu toolchain arm-none-eabi/12.2 rel1/bin/../lib/gcc/arm-none-eabi/12.2.1/thumb/v7e-m/nofp\libg_nano.a(libc_a-mallocr.o)
 .ARM.attributes
                0x00000410       0x2e c:/program files (x86)/arm gnu toolchain arm-none-eabi/12.2 rel1/bin/../lib/gcc/arm-none-eabi/12.2.1/thumb/v7e-m/nofp\libg_nano.a(libc_a-mlock.o)
 .ARM.attributes
                0x0000043e       0x2e c:/program files (x86)/arm gnu toolchain arm-none-eabi/12.2 rel1/bin/../lib/gcc/arm-none-eabi/12.2.1/thumb/v7e-m/nofp\libg_nano.a(libc_a-reallocr.o)
 .ARM.attributes
                0x0000046c       0x2e c:/program files (x86)/arm gnu toolchain arm-none-eabi/12.2 rel1/bin/../lib/gcc/arm-none-eabi/12.2.1/thumb/v7e-m/nofp\libg_nano.a(libc_a-sbrkr.o)
 .ARM.attributes
                0x0000049a       0x2e c:/program files (x86)/arm gnu toolchain arm-none-eabi/12.2 rel1/bin/../lib/gcc/arm-none-eabi/12.2.1/thumb/v7e-m/nofp\libg_nano.a(libc_a-lock.o)
 .ARM.attributes
                0x000004c8       0x2e c:/program files (x86)/arm gnu toolchain arm-none-eabi/12.2 rel1/bin/../lib/gcc/arm-none-eabi/12.2.1/thumb/v7e-m/nofp\libg_nano.a(libc_a-msizer.o)

.debug
 *(.debug)

.line
 *(.line)

.debug_srcinfo
 *(.debug_srcinfo)

.debug_sfnames
 *(.debug_sfnames)

.debug_aranges  0x00000000      0x2e0
 *(.debug_aranges)
 .debug_aranges
                0x00000000       0x28 ./system/src/newlib/exit.o
 .debug_aranges
                0x00000028       0x20 ./system/src/newlib/sbrk.o
 .debug_aranges
                0x00000048       0x40 ./system/src/newlib/startup.o
 .debug_aranges
                0x00000088       0x30 ./system/src/newlib/syscalls.o
 .debug_aranges
                0x000000b8       0x30 ./system/src/diag/trace-impl.o
 .debug_aranges
                0x000000e8       0x38 ./system/src/diag/trace.o
 .debug_aranges
                0x00000120       0x90 ./system/src/cortexm/exception-handlers.o
 .debug_aranges
                0x000001b0       0x28 ./system/src/cortexm/initialize-hardware.o
 .debug_aranges
                0x000001d8       0x28 ./system/src/cmsis/system_stm32f4xx.o
 .debug_aranges
                0x00000200       0x20 ./system/src/cmsis/vectors_stm32f401xc.o
 .debug_aranges
                0x00000220       0x78 ./src/src_MCAL/RCC/RCC_API.o
 .debug_aranges
                0x00000298       0x28 ./src/src_MCAL/GPIO/GPIO_API.o
 .debug_aranges
                0x000002c0       0x20 ./src/main.o

.debug_pubnames
 *(.debug_pubnames)

.debug_info     0x00000000     0x2cd9
 *(.debug_info .gnu.linkonce.wi.*)
 .debug_info    0x00000000      0x104 ./system/src/newlib/exit.o
 .debug_info    0x00000104      0x10f ./system/src/newlib/sbrk.o
 .debug_info    0x00000213      0x54f ./system/src/newlib/startup.o
 .debug_info    0x00000762      0x1c3 ./system/src/newlib/syscalls.o
 .debug_info    0x00000925      0x319 ./system/src/diag/trace-impl.o
 .debug_info    0x00000c3e      0x34b ./system/src/diag/trace.o
 .debug_info    0x00000f89      0x91e ./system/src/cortexm/exception-handlers.o
 .debug_info    0x000018a7      0x278 ./system/src/cortexm/initialize-hardware.o
 .debug_info    0x00001b1f      0x53d ./system/src/cmsis/system_stm32f4xx.o
 .debug_info    0x0000205c      0x10b ./system/src/cmsis/vectors_stm32f401xc.o
 .debug_info    0x00002167      0x70c ./src/src_MCAL/RCC/RCC_API.o
 .debug_info    0x00002873      0x26b ./src/src_MCAL/GPIO/GPIO_API.o
 .debug_info    0x00002ade      0x1fb ./src/main.o

.debug_abbrev   0x00000000     0x11bf
 *(.debug_abbrev)
 .debug_abbrev  0x00000000       0xc5 ./system/src/newlib/exit.o
 .debug_abbrev  0x000000c5       0xcc ./system/src/newlib/sbrk.o
 .debug_abbrev  0x00000191      0x25a ./system/src/newlib/startup.o
 .debug_abbrev  0x000003eb      0x118 ./system/src/newlib/syscalls.o
 .debug_abbrev  0x00000503      0x1e6 ./system/src/diag/trace-impl.o
 .debug_abbrev  0x000006e9      0x184 ./system/src/diag/trace.o
 .debug_abbrev  0x0000086d      0x28c ./system/src/cortexm/exception-handlers.o
 .debug_abbrev  0x00000af9      0x105 ./system/src/cortexm/initialize-hardware.o
 .debug_abbrev  0x00000bfe      0x121 ./system/src/cmsis/system_stm32f4xx.o
 .debug_abbrev  0x00000d1f       0xb8 ./system/src/cmsis/vectors_stm32f401xc.o
 .debug_abbrev  0x00000dd7      0x1d3 ./src/src_MCAL/RCC/RCC_API.o
 .debug_abbrev  0x00000faa      0x132 ./src/src_MCAL/GPIO/GPIO_API.o
 .debug_abbrev  0x000010dc       0xe3 ./src/main.o

.debug_line     0x00000000     0x4acf
 *(.debug_line)
 .debug_line    0x00000000      0x38e ./system/src/newlib/exit.o
 .debug_line    0x0000038e      0x37f ./system/src/newlib/sbrk.o
 .debug_line    0x0000070d      0x609 ./system/src/newlib/startup.o
 .debug_line    0x00000d16      0x48c ./system/src/newlib/syscalls.o
 .debug_line    0x000011a2      0xb81 ./system/src/diag/trace-impl.o
 .debug_line    0x00001d23      0x469 ./system/src/diag/trace.o
 .debug_line    0x0000218c      0xdc9 ./system/src/cortexm/exception-handlers.o
 .debug_line    0x00002f55      0x840 ./system/src/cortexm/initialize-hardware.o
 .debug_line    0x00003795      0x8d2 ./system/src/cmsis/system_stm32f4xx.o
 .debug_line    0x00004067      0x124 ./system/src/cmsis/vectors_stm32f401xc.o
 .debug_line    0x0000418b      0x5d4 ./src/src_MCAL/RCC/RCC_API.o
 .debug_line    0x0000475f      0x1b7 ./src/src_MCAL/GPIO/GPIO_API.o
 .debug_line    0x00004916      0x1b9 ./src/main.o

.debug_frame    0x00000000      0x904
 *(.debug_frame)
 .debug_frame   0x00000000       0x38 ./system/src/newlib/exit.o
 .debug_frame   0x00000038       0x28 ./system/src/newlib/sbrk.o
 .debug_frame   0x00000060       0x7c ./system/src/newlib/startup.o
 .debug_frame   0x000000dc       0x50 ./system/src/newlib/syscalls.o
 .debug_frame   0x0000012c       0x64 ./system/src/diag/trace-impl.o
 .debug_frame   0x00000190       0x94 ./system/src/diag/trace.o
 .debug_frame   0x00000224      0x158 ./system/src/cortexm/exception-handlers.o
 .debug_frame   0x0000037c       0x40 ./system/src/cortexm/initialize-hardware.o
 .debug_frame   0x000003bc       0x30 ./system/src/cmsis/system_stm32f4xx.o
 .debug_frame   0x000003ec       0x20 ./system/src/cmsis/vectors_stm32f401xc.o
 .debug_frame   0x0000040c      0x108 ./src/src_MCAL/RCC/RCC_API.o
 .debug_frame   0x00000514       0x30 ./src/src_MCAL/GPIO/GPIO_API.o
 .debug_frame   0x00000544       0x28 ./src/main.o
 .debug_frame   0x0000056c       0x4c c:/program files (x86)/arm gnu toolchain arm-none-eabi/12.2 rel1/bin/../lib/gcc/arm-none-eabi/12.2.1/thumb/v7e-m/nofp\libg_nano.a(libc_a-vsnprintf.o)
 .debug_frame   0x000005b8       0x20 c:/program files (x86)/arm gnu toolchain arm-none-eabi/12.2 rel1/bin/../lib/gcc/arm-none-eabi/12.2.1/thumb/v7e-m/nofp\libg_nano.a(libc_a-errno.o)
 .debug_frame   0x000005d8       0x90 c:/program files (x86)/arm gnu toolchain arm-none-eabi/12.2 rel1/bin/../lib/gcc/arm-none-eabi/12.2.1/thumb/v7e-m/nofp\libg_nano.a(libc_a-nano-svfprintf.o)
 .debug_frame   0x00000668       0x60 c:/program files (x86)/arm gnu toolchain arm-none-eabi/12.2 rel1/bin/../lib/gcc/arm-none-eabi/12.2.1/thumb/v7e-m/nofp\libg_nano.a(libc_a-nano-vfprintf_i.o)
 .debug_frame   0x000006c8       0x28 c:/program files (x86)/arm gnu toolchain arm-none-eabi/12.2 rel1/bin/../lib/gcc/arm-none-eabi/12.2.1/thumb/v7e-m/nofp\libg_nano.a(libc_a-memmove.o)
 .debug_frame   0x000006f0       0x28 c:/program files (x86)/arm gnu toolchain arm-none-eabi/12.2 rel1/bin/../lib/gcc/arm-none-eabi/12.2.1/thumb/v7e-m/nofp\libg_nano.a(libc_a-memcpy-stub.o)
 .debug_frame   0x00000718       0x38 c:/program files (x86)/arm gnu toolchain arm-none-eabi/12.2 rel1/bin/../lib/gcc/arm-none-eabi/12.2.1/thumb/v7e-m/nofp\libg_nano.a(libc_a-freer.o)
 .debug_frame   0x00000750       0x4c c:/program files (x86)/arm gnu toolchain arm-none-eabi/12.2 rel1/bin/../lib/gcc/arm-none-eabi/12.2.1/thumb/v7e-m/nofp\libg_nano.a(libc_a-mallocr.o)
 .debug_frame   0x0000079c       0x30 c:/program files (x86)/arm gnu toolchain arm-none-eabi/12.2 rel1/bin/../lib/gcc/arm-none-eabi/12.2.1/thumb/v7e-m/nofp\libg_nano.a(libc_a-mlock.o)
 .debug_frame   0x000007cc       0x3c c:/program files (x86)/arm gnu toolchain arm-none-eabi/12.2 rel1/bin/../lib/gcc/arm-none-eabi/12.2.1/thumb/v7e-m/nofp\libg_nano.a(libc_a-reallocr.o)
 .debug_frame   0x00000808       0x2c c:/program files (x86)/arm gnu toolchain arm-none-eabi/12.2 rel1/bin/../lib/gcc/arm-none-eabi/12.2.1/thumb/v7e-m/nofp\libg_nano.a(libc_a-sbrkr.o)
 .debug_frame   0x00000834       0xb0 c:/program files (x86)/arm gnu toolchain arm-none-eabi/12.2 rel1/bin/../lib/gcc/arm-none-eabi/12.2.1/thumb/v7e-m/nofp\libg_nano.a(libc_a-lock.o)
 .debug_frame   0x000008e4       0x20 c:/program files (x86)/arm gnu toolchain arm-none-eabi/12.2 rel1/bin/../lib/gcc/arm-none-eabi/12.2.1/thumb/v7e-m/nofp\libg_nano.a(libc_a-msizer.o)

.debug_str      0x00000000    0xaafa7
 *(.debug_str)
 .debug_str     0x00000000     0x7a73 ./system/src/newlib/exit.o
                               0x7bd9 (size before relaxing)
 .debug_str     0x00007a73      0x4df ./system/src/newlib/sbrk.o
                               0x6fbc (size before relaxing)
 .debug_str     0x00007f52      0xc28 ./system/src/newlib/startup.o
                               0x66ce (size before relaxing)
 .debug_str     0x00008b7a     0x13aa ./system/src/newlib/syscalls.o
                               0x8dd3 (size before relaxing)
 .debug_str     0x00009f24    0x9c61f ./system/src/diag/trace-impl.o
                              0xa3a83 (size before relaxing)
 .debug_str     0x000a6543      0x7f6 ./system/src/diag/trace.o
                               0x834d (size before relaxing)
 .debug_str     0x000a6d39      0x20c ./system/src/cortexm/exception-handlers.o
                              0xa4d59 (size before relaxing)
 .debug_str     0x000a6f45       0x5d ./system/src/cortexm/initialize-hardware.o
                              0xa0063 (size before relaxing)
 .debug_str     0x000a6fa2      0x182 ./system/src/cmsis/system_stm32f4xx.o
                              0xa0163 (size before relaxing)
 .debug_str     0x000a7124       0x59 ./system/src/cmsis/vectors_stm32f401xc.o
                               0x39de (size before relaxing)
 .debug_str     0x000a717d     0x10a1 ./src/src_MCAL/RCC/RCC_API.o
                               0x3fc0 (size before relaxing)
 .debug_str     0x000a821e     0x2d7b ./src/src_MCAL/GPIO/GPIO_API.o
                               0x5d3a (size before relaxing)
 .debug_str     0x000aaf99        0xe ./src/main.o
                               0x6823 (size before relaxing)

.debug_loc
 *(.debug_loc)

.debug_macinfo
 *(.debug_macinfo)

.debug_weaknames
 *(.debug_weaknames)

.debug_funcnames
 *(.debug_funcnames)

.debug_typenames
 *(.debug_typenames)

.debug_varnames
 *(.debug_varnames)
OUTPUT(STM32F4_Modules.elf elf32-littlearm)
LOAD linker stubs

.debug_loclists
                0x00000000      0xe15
 .debug_loclists
                0x00000000       0x17 ./system/src/newlib/exit.o
 .debug_loclists
                0x00000017       0x69 ./system/src/newlib/sbrk.o
 .debug_loclists
                0x00000080      0x2b7 ./system/src/newlib/startup.o
 .debug_loclists
                0x00000337       0x51 ./system/src/newlib/syscalls.o
 .debug_loclists
                0x00000388       0xf5 ./system/src/diag/trace-impl.o
 .debug_loclists
                0x0000047d       0xb2 ./system/src/diag/trace.o
 .debug_loclists
                0x0000052f      0x203 ./system/src/cortexm/exception-handlers.o
 .debug_loclists
                0x00000732       0xdb ./system/src/cmsis/system_stm32f4xx.o
 .debug_loclists
                0x0000080d      0x5ac ./src/src_MCAL/RCC/RCC_API.o
 .debug_loclists
                0x00000db9       0x5c ./src/src_MCAL/GPIO/GPIO_API.o

.debug_rnglists
                0x00000000      0x233
 .debug_rnglists
                0x00000000       0x19 ./system/src/newlib/exit.o
 .debug_rnglists
                0x00000019       0x13 ./system/src/newlib/sbrk.o
 .debug_rnglists
                0x0000002c       0x50 ./system/src/newlib/startup.o
 .debug_rnglists
                0x0000007c       0x1f ./system/src/newlib/syscalls.o
 .debug_rnglists
                0x0000009b       0x2b ./system/src/diag/trace-impl.o
 .debug_rnglists
                0x000000c6       0x25 ./system/src/diag/trace.o
 .debug_rnglists
                0x000000eb       0x74 ./system/src/cortexm/exception-handlers.o
 .debug_rnglists
                0x0000015f       0x19 ./system/src/cortexm/initialize-hardware.o
 .debug_rnglists
                0x00000178       0x1a ./system/src/cmsis/system_stm32f4xx.o
 .debug_rnglists
                0x00000192       0x13 ./system/src/cmsis/vectors_stm32f401xc.o
 .debug_rnglists
                0x000001a5       0x62 ./src/src_MCAL/RCC/RCC_API.o
 .debug_rnglists
                0x00000207       0x19 ./src/src_MCAL/GPIO/GPIO_API.o
 .debug_rnglists
                0x00000220       0x13 ./src/main.o

.debug_macro    0x00000000     0x3956
 .debug_macro   0x00000000      0x1ae ./system/src/newlib/exit.o
 .debug_macro   0x000001ae      0x163 ./system/src/newlib/sbrk.o
 .debug_macro   0x00000311       0x10 ./system/src/newlib/sbrk.o
 .debug_macro   0x00000321      0x23c ./system/src/newlib/sbrk.o
 .debug_macro   0x0000055d      0x15f ./system/src/newlib/startup.o
 .debug_macro   0x000006bc      0xac0 ./system/src/newlib/startup.o
 .debug_macro   0x0000117c      0x206 ./system/src/newlib/syscalls.o
 .debug_macro   0x00001382       0x1c ./system/src/newlib/syscalls.o
 .debug_macro   0x0000139e       0x10 ./system/src/newlib/syscalls.o
 .debug_macro   0x000013ae       0x10 ./system/src/newlib/syscalls.o
 .debug_macro   0x000013be       0x10 ./system/src/newlib/syscalls.o
 .debug_macro   0x000013ce       0x35 ./system/src/newlib/syscalls.o
 .debug_macro   0x00001403      0x12c ./system/src/newlib/syscalls.o
 .debug_macro   0x0000152f       0xce ./system/src/newlib/syscalls.o
 .debug_macro   0x000015fd      0x10c ./system/src/newlib/syscalls.o
 .debug_macro   0x00001709      0x18a ./system/src/newlib/syscalls.o
 .debug_macro   0x00001893       0x16 ./system/src/newlib/syscalls.o
 .debug_macro   0x000018a9      0x4e6 ./system/src/diag/trace-impl.o
 .debug_macro   0x00001d8f       0x10 ./system/src/diag/trace-impl.o
 .debug_macro   0x00001d9f       0x22 ./system/src/diag/trace-impl.o
 .debug_macro   0x00001dc1      0x1f4 ./system/src/diag/trace.o
 .debug_macro   0x00001fb5       0x16 ./system/src/diag/trace.o
 .debug_macro   0x00001fcb       0x9e ./system/src/diag/trace.o
 .debug_macro   0x00002069      0x10b ./system/src/diag/trace.o
 .debug_macro   0x00002174       0x10 ./system/src/diag/trace.o
 .debug_macro   0x00002184       0x16 ./system/src/diag/trace.o
 .debug_macro   0x0000219a       0x16 ./system/src/diag/trace.o
 .debug_macro   0x000021b0      0x170 ./system/src/diag/trace.o
 .debug_macro   0x00002320       0x4c ./system/src/diag/trace.o
 .debug_macro   0x0000236c       0xc1 ./system/src/diag/trace.o
 .debug_macro   0x0000242d       0x16 ./system/src/diag/trace.o
 .debug_macro   0x00002443      0x544 ./system/src/cortexm/exception-handlers.o
 .debug_macro   0x00002987       0x10 ./system/src/cortexm/exception-handlers.o
 .debug_macro   0x00002997      0x390 ./system/src/cortexm/initialize-hardware.o
 .debug_macro   0x00002d27      0x38c ./system/src/cmsis/system_stm32f4xx.o
 .debug_macro   0x000030b3       0x34 ./system/src/cmsis/vectors_stm32f401xc.o
 .debug_macro   0x000030e7       0x3b ./src/src_MCAL/RCC/RCC_API.o
 .debug_macro   0x00003122       0x4c ./src/src_MCAL/RCC/RCC_API.o
 .debug_macro   0x0000316e       0x10 ./src/src_MCAL/RCC/RCC_API.o
 .debug_macro   0x0000317e      0x163 ./src/src_MCAL/RCC/RCC_API.o
 .debug_macro   0x000032e1      0x13c ./src/src_MCAL/RCC/RCC_API.o
 .debug_macro   0x0000341d       0x4d ./src/src_MCAL/GPIO/GPIO_API.o
 .debug_macro   0x0000346a       0x22 ./src/src_MCAL/GPIO/GPIO_API.o
 .debug_macro   0x0000348c       0x58 ./src/src_MCAL/GPIO/GPIO_API.o
 .debug_macro   0x000034e4      0x1d2 ./src/src_MCAL/GPIO/GPIO_API.o
 .debug_macro   0x000036b6      0x1d2 ./src/src_MCAL/GPIO/GPIO_API.o
 .debug_macro   0x00003888       0x10 ./src/src_MCAL/GPIO/GPIO_API.o
 .debug_macro   0x00003898       0x72 ./src/main.o
 .debug_macro   0x0000390a       0x4c ./src/main.o

.debug_line_str
                0x00000000       0xde
 .debug_line_str
                0x00000000       0xde c:/program files (x86)/arm gnu toolchain arm-none-eabi/12.2 rel1/bin/../lib/gcc/arm-none-eabi/12.2.1/thumb/v7e-m/nofp\libg_nano.a(libc_a-memchr.o)
